Scraping 142 new courses...
  [1/142] AGRO 1100: AGRO 1100Edaphology (3cr) prereqs=[]
  [2/142] AGRO 3032: AGRO 3032Food and Animal Nutrition (3cr) prereqs=['BIOL 1100']
  [3/142] AGRO 3035: AGRO 3035Soil Fertility and Fertilizers (3cr) prereqs=[]
  [4/142] AGRO 4040: AGRO 4040Analysis of Soil, Plant Tissue  (3cr) prereqs=['CHEM 2120']
  [5/142] BELI 1103: BELI  1103CUT AND HAIRSTYLING III (3cr) prereqs=['BELI 1102']
  [6/142] BELI 1000: BELI 1000INTRODUCTION TO INTEGRAL BEAUTY (3cr) prereqs=[]
  [7/142] BELI 1010: BELI 1010HAIR TRICOLOGY (3cr) prereqs=[]
  [8/142] BELI 1101: BELI 1101CUTTING, SHAVING AND HAIRSTYLIN (3cr) prereqs=['BELI 1010']
  [9/142] BELI 1102: BELI 1102CUT AND HAIRSTYLING II (3cr) prereqs=['BELI 1101']
  [10/142] BELI 2100: BELI 2100SKIN, HANDS AND FOOT CARE (3cr) prereqs=[]
  [11/142] BELI 2110: BELI 2110DEVELOPMENT AND MANAGEMENT OF B (3cr) prereqs=['BELI 1000']
  [12/142] BELI 2200: BELI 2200AESTHETICS, MAKEUP AND NAIL TEC (3cr) prereqs=['BELI 2100']
  [13/142] BELI 2201: BELI 2201AESTHETICS, MAKEUP AND NAIL TEC (3cr) prereqs=['BELI 2200']
  [14/142] BELI 2202: BELI 2202AESTHETICS, MASSAGE AND BODY MA (3cr) prereqs=['BELI 2201']
  [15/142] BELI 2300: BELI 2300CHEMICAL PROCEDURES I (3cr) prereqs=['BELI 1010']
  [16/142] BELI 2301: BELI 2301CHEMICAL PROCEDURES II (3cr) prereqs=['BELI 2300']
  [17/142] BELI 2910: BELI 2910SUPERVISED PROFESSIONAL PRACTIC (3cr) prereqs=['BELI 2301', 'BELI 2970', 'BELI 2201', 'BELI 1103']
  [18/142] BELI 2970: BELI 2970INTEGRATIVE SEMINAR IN BEAUTY S (3cr) prereqs=['BELI 2910', 'BELI 2301', 'BELI 2201', 'BELI 1103']
  [19/142] BIOL 1010: BIOL 1010Principles of Human Biology (3cr) prereqs=[]
  [20/142] BIOL 1105: BIOL 1105Basic Concepts of Microbiology (3cr) prereqs=[]
  [21/142] BIOL 1106: BIOL 1106Principles of Human Anatomy and (3cr) prereqs=[]
  [22/142] COMP 2051: COMP 2051Client-Side Web Development ("F (3cr) prereqs=[]
  [23/142] COMP 2052: COMP 2052Server-Side Web Development and (3cr) prereqs=['COMP 2051', 'COMP 2120']
  [24/142] COMP 2053: COMP 2053Full-Stack Web Development (3cr) prereqs=['COMP 2052', 'COMP 2315', 'COMP 2800']
  [25/142] COMP 2200: COMP 2200User Interfaces and Experiences (3cr) prereqs=[]
  [26/142] CYSC 1000: CYSC 1000Introduction to Cyber Security (3cr) prereqs=[]
  [27/142] CYSC 3000: CYSC 3000Internet of Things (loT) (3cr) prereqs=[]
  [28/142] CYSC 3500: CYSC 3500Cyber-Forensics (3cr) prereqs=['CYSC 1000', 'COMP 3015', 'COTN 2122']
  [29/142] CYSC 4100: CYSC 4100Ethical Hacking (3cr) prereqs=['CYSC 1000', 'COMP 3015', 'COTN 2230']
  [30/142] CYSC 4200: CYSC 4200Economy in Cybersecurity (3cr) prereqs=['CYSC 4100']
  [31/142] CYSC 4500: CYSC 4500Capstone Project (3cr) prereqs=['CYSC 3500', 'CYSC 4100']
  [32/142] EDUC 2000: EDUC 2000Experience in the Educational F (3cr) prereqs=[]
  [33/142] EDUC 3016: EDUC 3016Distance and Virtual Teaching (3cr) prereqs=['EDUC 2060']
  [34/142] EDUC 3026: EDUC 3026Special Education for Intervent (3cr) prereqs=['EDUC 2060']
  [35/142] EDUC 3074: EDUC 3074Curriculum, Teaching, and Asses (3cr) prereqs=[]
  [36/142] EDUC 3077: EDUC 3077Curriculum, Teaching and Assess (3cr) prereqs=[]
  [37/142] EDUC 3082: EDUC 3082Curriculum, Teaching, and Asses (3cr) prereqs=[]
  [38/142] EDUC 3086: EDUC 3086Curriculum, Teaching and "Asses (3cr) prereqs=[]
  [39/142] EDUC 3124: EDUC 3124Psycho-Philosophical Influences (3cr) prereqs=[]
  [40/142] EDUC 3184: EDUC 3184Curriculum, Teaching and Assess (3cr) prereqs=[]
  [41/142] EDUC 3234: EDUC 3234Primary Grades Literacy (PK-4) (3cr) prereqs=['EDUC 3140']
  [42/142] EDUC 3237: EDUC 3237Language Arts Curriculum, Teach (3cr) prereqs=[]
  [43/142] EDUC 3267: EDUC 3267Curriculum, Teaching, and Asses (3cr) prereqs=[]
  [44/142] EDUC 3268: EDUC 3268Curriculum, Teaching and Assess (3cr) prereqs=[]
  [45/142] EDUC 3874: 12 Physical Education Teaching Methodolo (3cr) prereqs=[]
  [46/142] ELET 1100: ELET 1100Energy and Environment (3cr) prereqs=[]
  [47/142] ELET 2000: ELET 2000Principles of Electrical Circui (3cr) prereqs=['GEMA 1200']
  [48/142] ELET 2005: ELET 2005Electrical Circuits and Power L (3cr) prereqs=['ELET 2000']
  [49/142] ELET 2010: ELET 2010Electronic Foundations (3cr) prereqs=['GEMA 1200']
  [50/142] ELET 2015: ELET 2015ELECTRONICS LABORATORY (3cr) prereqs=['ELET 2010']
  [51/142] ELET 2020: ELET 2020Fundamentals of Photovoltaic Sy (3cr) prereqs=['ELET 2010']
  [52/142] ELET 2025: ELET 2025Photovoltaic Systems Laboratory (3cr) prereqs=['ELET 2020']
  [53/142] ELET 2030: ELET 2030Advanced Photovoltaic Systems (3cr) prereqs=['ELET 2020']
  [54/142] ELET 2111: ELET 2111Electrical Installations I (3cr) prereqs=['ELET 2000']
  [55/142] ELET 2112: ELET 2112Electrical Installations II (3cr) prereqs=['ELET 2111']
  [56/142] ELET 2115: ELET 2115Electrical Installations Labora (3cr) prereqs=['ELET 2111']
  [57/142] ELET 2120: ELET 2120Electrical Machines (3cr) prereqs=['ELET 2000']
  [58/142] ELET 2125: ELET 2125Electrical Machines Laboratory (3cr) prereqs=['ELET 2120']
  [59/142] ELET 2200: ELET 2200Seminar for the Electrician Exp (3cr) prereqs=[]
  [60/142] ELET 2220: ELET 2220Principles of Electrical Contro (3cr) prereqs=['ELET 2111']
  [61/142] ELET 2225: ELET 2225Electrical Controls and PLC Lab (3cr) prereqs=['ELET 2220']
  [62/142] ELET 2910: ELET 2910Electrical Engineering Technolo (3cr) prereqs=[]
  [63/142] GECE 2010: GECE 2010Leveling and Coordinate Geometr (3cr) prereqs=['AREN 2220']
  [64/142] GECE 2020: GECE 2020Control Networks, Land Surveys, (3cr) prereqs=['GECE 2010']
  [65/142] GECE 2025: GECE 2025Control Networks, Land Surveys, (3cr) prereqs=['GECE 2020']
  [66/142] GECE 2030: GECE 2030Topography (3cr) prereqs=['GECE 2020']
  [67/142] GECE 2035: GECE 2035Topography Laboratory (3cr) prereqs=['GECE 2030']
  [68/142] GECE 2045: GECE 2045GNSS, Roads and Utilities Labor (3cr) prereqs=['GECE 2060']
  [69/142] GECE 2050: GECE 2050Legal Aspects of Real Estate Pr (3cr) prereqs=[]
  [70/142] GECE 2060: GECE 2060Datums, Coordinate Systems and  (3cr) prereqs=[]
  [71/142] GECE 2070: GECE 2070Regulation and Use of UAS in Ci (3cr) prereqs=[]
  [72/142] GECE 2080: GECE 2080Photogrammetry and Remote Sensi (3cr) prereqs=['GECE 2070']
  [73/142] HPER 3161: HPER 3161Educational, recreational, and  (3cr) prereqs=[]
  [74/142] HPER 3221: HPER 3221Theory and Design of Physical E (3cr) prereqs=[]
  [75/142] HPER 4111: HPER 4111Evaluation, Assessment, and Res (3cr) prereqs=[]
  [76/142] HSBC 2910: HSBC  2910Practice (3cr) prereqs=['OMSY 3000', 'HSBC 2290']
  [77/142] HSBC 2270: HSBC 2270Classification of Health Servic (3cr) prereqs=[]
  [78/142] HSBC 2280: HSBC 2280Audit and legal concepts (3cr) prereqs=[]
  [79/142] HSBC 2290: HSBC 2290Electronic billing (3cr) prereqs=['OMSY 2240']
  [80/142] MAEC 2235: MAEC 2235Introduction to Agricultural Ec (3cr) prereqs=['GEMA 1200']
  [81/142] MASC 2660: MASC 2660Geological Oceanography (3cr) prereqs=['MASC 1600']
  [82/142] MASC 3060: MASC 3060Chemical Oceanography (3cr) prereqs=['MASC 1600', 'CHEM 2212']
  [83/142] MASC 3660: MASC 3660Biological Oceanography (3cr) prereqs=['MASC 3600', 'MASC 3603']
  [84/142] MASC 4660: MASC 4660Physical Oceanography (3cr) prereqs=['MASC 1600', 'PHYS 3001']
  [85/142] MASC 4931: MASC 4931Marine Research I (3cr) prereqs=['MASC 3930']
  [86/142] MASC 4932: MASC 4932MARINE RESEARCH II (3cr) prereqs=['MASC 4931']
  [87/142] MMBP 3400: MMBP 3400Molecular Genetics (3cr) prereqs=['BIOL 1102', 'BIOL 3105']
  [88/142] MMBP 3500: MMBP 3500Cellular and Molecular Immunolo (3cr) prereqs=['BIOL 3105', 'MMBP 3400']
  [89/142] MMBP 4100: MMBP 4100Applications of Molecular Medic (3cr) prereqs=['BIOL 3106', 'MMBP 3400', 'MMBP 3500']
  [90/142] MMBP 4200: MMBP 4200Expression Systems for Therapeu (3cr) prereqs=['MMBP 3400', 'MMBP 4100']
  [91/142] MMBP 4300: MMBP 4300Bioanalytical Techniques and In (3cr) prereqs=['MMBP 4100', 'CHEM 2212']
  [92/142] MMBP 4400: MMBP 4400Cell Growth Regulation and Mole (3cr) prereqs=['MMBP 3500', 'MMBP 4100']
  [93/142] MMBP 4500: MMBP 4500Therapeutic Applications of Rib (3cr) prereqs=['MMBP 3400', 'MMBP 4400']
  [94/142] MMBP 4600: MMBP 4600Manufacturing and Formulation o (3cr) prereqs=['MMBP 3400', 'MMBP 4400', 'MMBP 4500']
  [95/142] MMBP 4900: MMBP 4900Manufacturing and Formulation o (3cr) prereqs=['CHEM 4220', 'MMBP 4300']
  [96/142] MMBP 4960: MMBP 4960Research Methods in Molecular M (21cr) prereqs=[]
  [97/142] NURS 3116: NURS 3116Nursing Leadership and Manageme (3cr) prereqs=[]
  [98/142] NURS 3121: NURS 3121Health Estimation Practice (3cr) prereqs=[]
  [99/142] NURS 3122: NURS 3122Basic Pathophysiology for Nursi (3cr) prereqs=[]
  [100/142] NURS 3142: NURS 3142Nursing Informatics and Technol (3cr) prereqs=[]
  [101/142] NURS 3191: NURS 3191Practice in Professional Interv (3cr) prereqs=['NURS 3121']
  [102/142] NURS 4181: NURS 4181Community health nursing: a pre (3cr) prereqs=[]
  [103/142] NURS 4981: NURS 4981Integrative Workshop Practice (3cr) prereqs=[]
  [104/142] OMSY 2400: OMSY 2400Medical Terminology (3cr) prereqs=[]
  [105/142] OMSY 3440: OMSY 3440Administration of The Electroni (3cr) prereqs=[]
  [106/142] PRAG 1100: PRAG 1100Introduction to precision agric (3cr) prereqs=[]
  [107/142] PRAG 1110: PRAG 1110Operation and management of gre (3cr) prereqs=['PRAG 1100']
  [108/142] PRAG 1120: PRAG 1120Pest Management in controlled e (3cr) prereqs=[]
  [109/142] PRAG 1130: PRAG 1130Blue agriculture (3cr) prereqs=[]
  [110/142] PRAG 2210: PRAG 2210Digital Agriculture (3cr) prereqs=[]
  [111/142] PRAG 2220: PRAG 2220Hydroponics and agricultural pr (3cr) prereqs=['PRAG 1110']
  [112/142] PRAG 2230: PRAG 2230Water and nutrient management (3cr) prereqs=[]
  [113/142] PRAG 2235: PRAG 2235Crop production (3cr) prereqs=[]
  [114/142] PRAG 2240: PRAG 2240Sustainable energy technologies (3cr) prereqs=[]
  [115/142] PRAG 2250: PRAG 2250Principles of entrepreneurship  (3cr) prereqs=['PRAG 2210']
  [116/142] PRAG 2910: PRAG 2910Practice in precision farming c (3cr) prereqs=[]
  [117/142] REEN 2910: REEN  2910Integrated Practice and Profes (3cr) prereqs=['REEN 2010', 'REEN 2110']
  [118/142] REEN 1010: REEN 1010Introduction to Renewable Energ (3cr) prereqs=[]
  [119/142] REEN 2010: REEN 2010Audit and Energy Efficiency (3cr) prereqs=[]
  [120/142] REEN 2110: REEN 2110Wind Systems (3cr) prereqs=[]
  [121/142] REEN 2120: REEN 2120Microcontroller Programming Lab (3cr) prereqs=['ELEC 2131']
  [122/142] REPS 1100: REPS 1100Introduction to Renewable Energ (3cr) prereqs=[]
  [123/142] REPS 2100: REPS 2100Technical Drawing (3cr) prereqs=['REPS 1100']
  [124/142] REPS 2300: REPS 2300Solar Energy System Components (3cr) prereqs=['REPS 2100']
  [125/142] REPS 2400: REPS 2400Design and Dimensionig of Solar (3cr) prereqs=['REPS 2300', 'PHYS 3001']
  [126/142] REPS 2910: REPS 2910Practice (25cr) prereqs=[]
  [127/142] USDX 1000: USDX 1000Introduction to the Principles  (1110cr) prereqs=[]
  [128/142] USDX 1010: USDX 1010Anatomy and Physiology in Ultra (3cr) prereqs=[]
  [129/142] USDX 1110: USDX 1110Patient Care in Diagnostic Ultr (3cr) prereqs=[]
  [130/142] USDX 2010: USDX 2010Basic Physics in Diagnostic Ult (3cr) prereqs=['GEMA 1200', 'USDX 1000', 'USDX 1010', 'USDX 1110']
  [131/142] USDX 2011: USDX 2011Intermediate Physics in Diagnos (3cr) prereqs=['USDX 2010']
  [132/142] USDX 2015: USDX 2015Abdomen and Pelvis Ultrasound P (3cr) prereqs=['USDX 1000', 'USDX 2010']
  [133/142] USDX 2016: USDX 2016Abdomino-Pelvic Pathology (3cr) prereqs=['USDX 1010', 'USDX 2010']
  [134/142] USDX 2017: USDX 2017Practice in Ultrasound I (3cr) prereqs=['USDX 1000', 'USDX 2010']
  [135/142] USDX 2020: USDX 2020Pathology in Obstetrics and Gyn (3cr) prereqs=['USDX 2011', 'USDX 2015', 'USDX 2016']
  [136/142] USDX 2022: USDX 2022Ultrasound Procedure and Evalua (3cr) prereqs=['USDX 2011', 'USDX 2015', 'USDX 2016', 'USDX 2017']
  [137/142] USDX 2030: USDX 2030Procedure and Evaluation of Ult (3cr) prereqs=['USDX 2020', 'USDX 2021', 'USDX 2022']
  [138/142] USDX 2031: USDX 2031Practice in Ultrasound III (3cr) prereqs=['USDX 2020', 'USDX 2021', 'USDX 2022']
  [139/142] USDX 2032: USDX 2032Pathology in Superficial Anatom (3cr) prereqs=['USDX 2020', 'USDX 2021', 'USDX 2022']
  [140/142] USDX 2040: USDX 2040Integrating Workshop (3cr) prereqs=['USDX 2020', 'USDX 2021', 'USDX 2022']
  [141/142] VETC 2970: VETC 2970Seminar (3cr) prereqs=[]
  [142/142] VETC 4970: VETC 4970Integration Seminar (30cr) prereqs=[]

=== Scraped 142/142 courses, 0 failed ===
